// Jest Snapshot v1, https://goo.gl/fbAQLP

exports[`Snapshot ProfessorHome view matches the snapshot 1`] = `
<div
  className="sc-carFqZ ihJGFH"
>
  <div
    className="sc-jcwpoC fmcQXe"
  >
    <button
      className="sc-iCoGMd bDcoSI"
      onClick={[Function]}
      radius="20px"
    >
      AVALIAÇÕES
    </button>
    <button
      className="sc-iCoGMd bDcoSI"
      onClick={[Function]}
      radius="20px"
    >
      ESTATÍSTICAS
    </button>
  </div>
  <div
    className="sc-bdnxRM dHvxIB"
    title="Avaliações sobre você"
  >
    <div
      className="sc-gtsrHT iUwlZJ"
    >
      Avaliações sobre você
    </div>
    <div
      className="sc-iklJeh czotxj"
    >
      <div
        className="sc-iTVJFM cWVcHr"
      >
        <div
          className="sc-efHYUO kREmPd"
        >
          <span
            className="sc-iBzEeX cfOQfB"
          />
          <span
            className="sc-iBzEeX kcSDut"
          />
          <span
            className="sc-iBzEeX kCIfxu"
          />
        </div>
      </div>
    </div>
  </div>
</div>
`;
