// Jest Snapshot v1, https://goo.gl/fbAQLP

exports[`Snapshot ProfessorSearch with Posts matches the snapshot 1`] = `
<div
  className="sc-hiKfDv cwXlMa"
>
  <div
    className="sc-bdnxRM LfQdx"
    radius="0px 0px 10px 10px"
    title="Sem Resultados"
  >
    <div
      className="sc-gtsrHT iUwlZJ"
    >
      Sem Resultados
    </div>
    <div
      className="sc-jSFjdj cGLgru"
    >
      <div>
        Nenhum Professor Encontrado!
      </div>
    </div>
  </div>
</div>
`;
