// Jest Snapshot v1, https://goo.gl/fbAQLP

exports[`Snapshot StudentHome view matches the snapshot 1`] = `
<div
  className="sc-bdnxRM dHvxIB"
  title="Avaliações Feitas Por Você"
>
  <div
    className="sc-gtsrHT iUwlZJ"
  >
    Avaliações Feitas Por Você
  </div>
  <div
    className="sc-eCApnc ekjowF"
  />
</div>
`;
