// Jest Snapshot v1, https://goo.gl/fbAQLP

exports[`Snapshot ExcludeAccount component matches the snapshot 1`] = `
<div
  className="sc-gtsrHT dZaWmq"
>
  <header>
    DESEJA EXCLUIR SUA CONTA?
  </header>
  <div
    className="sc-dlnjwi fUxTvQ"
  >
    <button
      className="sc-bdnxRM jfukfz"
      onClick={[Function]}
    >
      VOLTAR
    </button>
    <button
      className="sc-bdnxRM fDUycc"
      onClick={[Function]}
    >
      EXCLUIR
    </button>
  </div>
</div>
`;
