// Jest Snapshot v1, https://goo.gl/fbAQLP

exports[`Snapshot Post component matches the snapshot 1`] = `
<div
  className="sc-gtsrHT dDYQua"
>
  <div
    className="sc-dlnjwi jUxskP"
  >
    <div
      className="sc-jSFjdj iJMXeY"
    >
      [
      ]
      <br />
      <br />
      Data: 
      <br />
      <div
        className="sc-gKAaRy iKxJej"
      />
    </div>
    <div
      className="sc-iCoGMd jRTzpo"
    >
      <label>
        <b>
          Nota Geral:
        </b>
         
      </label>
      <label>
        <b />
      </label>
      <label>
        Didatica:
      </label>
      <label />
      <label>
        Metodologia:
      </label>
      <label />
      <label>
        Avaliações Coerentes:
      </label>
      <label />
      <label>
        Disponibilidade:
      </label>
      <label />
    </div>
    <button
      className="sc-bdnxRM bPQZrU"
      onClick={[Function]}
      type="button"
    />
  </div>
  <div
    className="sc-hKFxyN frAbNa"
  />
  <div
    className="sc-eCApnc gGWRwP"
  >
    <button
      className="sc-bdnxRM ikeTfa"
      onClick={[Function]}
    />
    <button
      className="sc-bdnxRM iINuJo"
      onClick={[Function]}
    />
  </div>
</div>
`;
