// Jest Snapshot v1, https://goo.gl/fbAQLP

exports[`Snapshot ResetPassword component matches the snapshot 1`] = `
<div
  className="sc-gKAaRy HhKjm"
>
  <header
    className="sc-iCoGMd kttjhk"
  >
    <div>
      REDEFINIÇÃO DE SENHA
    </div>
  </header>
  <form
    className="sc-dlnjwi kCxWFn"
    onSubmit={[Function]}
  >
    <div
      className="sc-bdnxRM bvZCUM"
    >
      <input
        className="sc-eCApnc doXpOj"
        name="new_password"
        placeholder="Digite a nova senha"
        type="password"
      />
      <div
        className="sc-gtsrHT jSglii error"
      />
    </div>
    <div
      className="sc-bdnxRM bvZCUM"
    >
      <input
        className="sc-eCApnc doXpOj"
        name="confirm_new_password"
        placeholder="Repita a nova senha"
        type="password"
      />
      <div
        className="sc-gtsrHT jSglii error"
      />
    </div>
    
    <div
      className="sc-hKFxyN eGOBqi"
    >
      <button
        className="sc-jSFjdj czcTCj sc-fujyAs kQMtOh"
        onClick={[Function]}
      >
        CANCELAR
      </button>
      <button
        className="sc-jSFjdj gDzklW sc-fujyAs kQMtOh"
        type="submit"
      >
        ALTERAR
      </button>
    </div>
  </form>
</div>
`;
