// Jest Snapshot v1, https://goo.gl/fbAQLP

exports[`Snapshot StarsAvaliation component matches the snapshot 1`] = `
<div
  className="sc-bdnxRM eAqkRU"
>
  <label
    className="sc-dlnjwi itVsq"
  >
    <input
      checked={false}
      data-testid="input-stars-1"
      onChange={[Function]}
      type="checkbox"
    />
    <span
      className="sc-gtsrHT ewUAES"
    />
  </label>
  <label
    className="sc-dlnjwi itVsq"
  >
    <input
      checked={false}
      data-testid="input-stars-2"
      onChange={[Function]}
      type="checkbox"
    />
    <span
      className="sc-gtsrHT ewUAES"
    />
  </label>
  <label
    className="sc-dlnjwi itVsq"
  >
    <input
      checked={false}
      data-testid="input-stars-3"
      onChange={[Function]}
      type="checkbox"
    />
    <span
      className="sc-gtsrHT ewUAES"
    />
  </label>
  <label
    className="sc-dlnjwi itVsq"
  >
    <input
      checked={false}
      data-testid="input-stars-4"
      onChange={[Function]}
      type="checkbox"
    />
    <span
      className="sc-gtsrHT ewUAES"
    />
  </label>
  <label
    className="sc-dlnjwi itVsq"
  >
    <input
      checked={false}
      data-testid="input-stars-5"
      onChange={[Function]}
      type="checkbox"
    />
    <span
      className="sc-gtsrHT ewUAES"
    />
  </label>
</div>
`;
